
> basudev-orderxpress@0.1.0 build
> next build

node.exe : ΓÜá Warning: 
Next.js inferred your 
workspace root, but it may 
not be correct.
At C:\Users\Basudev\AppData\
Roaming\npm\npm.ps1:24 
char:5
+     & "node$exe"  "$basedi
r/node_modules/npm/bin/npm-c
li.js" $args
+     ~~~~~~~~~~~~~~~~~~~~~~
~~~~~~~~~~~~~~~~~~~~~~~~~~~~
~~~~~~~~~~~~
    + CategoryInfo          
    : NotSpecified: (ΓÜá W  
  arning: Ne...not be cor   
 rect.:String) [], Remot    
eException
    + FullyQualifiedErrorId 
    : NativeCommandError
 
 We detected multiple 
lockfiles and selected the 
directory of C:\Users\Basude
v\package-lock.json as the 
root directory.
 To silence this warning, 
set `turbopack.root` in 
your Next.js config, or 
consider removing one of 
the lockfiles if it's not 
needed.
   See https://nextjs.org/do
cs/app/api-reference/config/
next-config-js/turbopack#roo
t-directory for more 
information.
 Detected additional 
lockfiles: 
   * C:\Users\Basudev\Deskto
p\OrderXpress\package-lock.j
son

Γû▓ Next.js 16.1.6 (Turbopack)

  Creating an optimized production build ...
Error: Cannot apply unknown 
utility class 
`border-border`
    [2m[at 
onInvalidCandidate (C:\Users
\Basudev\Desktop\OrderXpress
\node_modules\tailwindcss\di
st\lib.js:21:1511)][0m
    [2m[at Te (C:\Users\Bas
udev\Desktop\OrderXpress\nod
e_modules\tailwindcss\dist\l
ib.js:16:36652)][0m
    [2m[at C:\Users\Basudev
\Desktop\OrderXpress\node_mo
dules\tailwindcss\dist\lib.j
s:21:355][0m
    [2m[at Rr (C:\Users\Bas
udev\Desktop\OrderXpress\nod
e_modules\tailwindcss\dist\l
ib.js:3:1718)][0m
    [2m[at _ (C:\Users\Basu
dev\Desktop\OrderXpress\node
_modules\tailwindcss\dist\li
b.js:3:1377)][0m
    [2m[at $e (C:\Users\Bas
udev\Desktop\OrderXpress\nod
e_modules\tailwindcss\dist\l
ib.js:21:172)][0m
    [2m[at un (C:\Users\Bas
udev\Desktop\OrderXpress\nod
e_modules\tailwindcss\dist\l
ib.js:38:294)][0m
    [2m[at async cn (C:\Use
rs\Basudev\Desktop\OrderXpre
ss\node_modules\tailwindcss\
dist\lib.js:38:631)][0m
    [2m[at async Xr (C:\Use
rs\Basudev\Desktop\OrderXpre
ss\node_modules\@tailwindcss
\node\dist\index.js:10:3417)
][0m
    [2m[at async I (C:\User
s\Basudev\Desktop\OrderXpres
s\node_modules\@tailwindcss\
postcss\dist\index.js:10:397
7)][0m

> Build error occurred
Error: Turbopack build 
failed with 1 errors:
./Desktop/OrderXpress/app/gl
obals.css
Error evaluating Node.js 
code
CssSyntaxError: 
tailwindcss: C:\Users\Basude
v\Desktop\OrderXpress\app\gl
obals.css:1:1: Cannot apply 
unknown utility class 
`border-border`
    at Input.error (Desktop/
OrderXpress/node_modules/pos
tcss/lib/input.js:135:16) [C
:\Users\Basudev\Desktop\Orde
rXpress\.next\build\chunks\0
7164_dec92a1a._.js:4651:22]
    at Root.error (Desktop/O
rderXpress/node_modules/post
css/lib/node.js:146:32) [C:\
Users\Basudev\Desktop\OrderX
press\.next\build\chunks\071
64_dec92a1a._.js:928:38]
    [at Object.Once (C:\User
s\Basudev\Desktop\OrderXpres
s\node_modules\@tailwindcss\
postcss\dist\index.js:10:691
1)]
    at async 
LazyResult.runAsync (Desktop
/OrderXpress/node_modules/po
stcss/lib/lazy-result.js:293
:11) [C:\Users\Basudev\Deskt
op\OrderXpress\.next\build\c
hunks\07164_dec92a1a._.js:62
06:21]
    at async transform (turb
opack:///[turbopack-node]/tr
ansforms/postcss.ts:70:34) [
C:\Users\Basudev\Desktop\Ord
erXpress\.next\build\chunks\
[root-of-the-server]__f8df27
fd._.js:146:36]
    at async run (turbopack:
///[turbopack-node]/ipc/eval
uate.ts:92:23) [C:\Users\Bas
udev\Desktop\OrderXpress\.ne
xt\build\chunks\[root-of-the
-server]__08edcb1a._.js:443:
31]

Import trace:
  Client Component Browser:
    ./Desktop/OrderXpress/ap
p/globals.css [Client 
Component Browser]
    ./Desktop/OrderXpress/ap
p/layout.tsx [Server 
Component]


    at async transform (turb
opack:///[turbopack-node]/tr
ansforms/postcss.ts:70:34) [
C:\Users\Basudev\Desktop\Ord
erXpress\.next\build\chunks\
[root-of-the-server]__f8df27
fd._.js:146:36])
    at async run (turbopack:
///[turbopack-node]/ipc/eval
uate.ts:92:23) [C:\Users\Bas
udev\Desktop\OrderXpress\.ne
xt\build\chunks\[root-of-the
-server]__08edcb1a._.js:443:
31])
